// Jest Snapshot v1, https://goo.gl/fbAQLP

exports[`MovieDetailsContent renders correctly 1`] = `
<div
  className="MovieDetailsContent__MovieDetailsContentContainer-sc-1gunzxo-0 bwKGxc"
>
  <img
    alt="movie details poster"
    className="MovieDetailsContent__MovieDetailsPoster-sc-1gunzxo-1 bdIdZL"
    onError={[Function]}
    src="http://localhost:3000/img/01-pulp-fiction.jpg"
  />
  <div
    className="MovieDetailsContent__MovieDetailsContentWrapper-sc-1gunzxo-2 fhNbBK"
  >
    <div
      className="MovieDetailsContent__MovieDetailsTitleRating-sc-1gunzxo-3 ckiJyg"
    >
      <span
        className="MovieDetailsContent__MovieDetailsTitle-sc-1gunzxo-4 jKPqFV"
      >
        Pulp Fiction
      </span>
      <div
        className="MovieDetailsContent__MovieDetailsRating-sc-1gunzxo-5 iRaiVO"
        title="Vote count: 1195"
      >
        4.3
      </div>
    </div>
    <div>
      Mock tagline!
    </div>
    <div
      className="MovieDetailsContent__MovieDetailsReleaseDateRuntime-sc-1gunzxo-6 fjylqV"
    >
      <div
        title="Release date: 2004-03-15"
      >
        2004
      </div>
      <div>
        154
         
        min
      </div>
    </div>
    <div
      className="MovieDetailsLabel__MovieDetailsLabelWrapper-sc-35caid-0 wEuzg"
    >
      Genres
      : 
      <span
        className="MovieDetailsLabel__MovieDetailsValue-sc-35caid-1 cQRzbq"
      >
        Action & Adventure
      </span>
    </div>
    <div
      className="MovieDetailsLabel__MovieDetailsLabelWrapper-sc-35caid-0 wEuzg"
    >
      Budget
      : 
      <span
        className="MovieDetailsLabel__MovieDetailsValue-sc-35caid-1 cQRzbq"
      >
        55 000 000 $
      </span>
    </div>
    <div
      className="MovieDetailsLabel__MovieDetailsLabelWrapper-sc-35caid-0 wEuzg"
    >
      Revenue
      : 
      <span
        className="MovieDetailsLabel__MovieDetailsValue-sc-35caid-1 cQRzbq"
      >
        136 906 000 $
      </span>
    </div>
    <div
      className="MovieDetailsContent__Overview-sc-1gunzxo-7 hJWIDD"
    >
      Pulp Fiction is a 1994 American neo-noir black comedy crime film written and directed by Quentin Tarantino, who conceived it with Roger Avary.[4] Starring John Travolta, Samuel L. Jackson, Bruce Willis, Tim Roth, Ving Rhames, and Uma Thurman, it tells several stories of criminal Los Angeles. The title refers to the pulp magazines and hardboiled crime novels popular during the mid-20th century, known for their graphic violence and punchy dialogue.
    </div>
  </div>
</div>
`;
