// Jest Snapshot v1, https://goo.gl/fbAQLP

exports[`MovieCard renders correctly 1`] = `
<div
  className="movieCardContainer"
  onMouseLeave={[Function]}
>
  <button
    className="posterButton"
    disabled={false}
    id={null}
    onClick={[Function]}
    type="button"
  >
    
    <img
      alt="movie card poster"
      className="movieCardPoster"
      onError={[Function]}
      src="http://localhost:3000/img/01-pulp-fiction.jpg"
    />
  </button>
  <button
    className="threeDotsIcon"
    disabled={false}
    id={null}
    onClick={[Function]}
    type="button"
  >
    
    <img
      alt="movie card menu"
      src="/img/moreButton.svg"
    />
  </button>
  <div
    className="movieTitleReleaseDateContainer"
  >
    <div
      className="movieTitle"
    >
      Pulp Fiction
    </div>
    <div
      className="movieReleaseDate"
      title="Release date: 2004-03-15"
    >
      2004
    </div>
  </div>
  <div
    className="movieGenres"
  >
    Action & Adventure
  </div>
</div>
`;
