// Jest Snapshot v1, https://goo.gl/fbAQLP

exports[`MovieDetailsLabel renders correctly 1`] = `
<div
  className="MovieDetailsLabel__MovieDetailsLabelWrapper-sc-35caid-0 wEuzg"
>
  mock label
  : 
  <span
    className="MovieDetailsLabel__MovieDetailsValue-sc-35caid-1 cQRzbq"
  >
    mock value
  </span>
</div>
`;
