// Jest Snapshot v1, https://goo.gl/fbAQLP

exports[`Select renders correctly 1`] = `
<div
  className=" css-2b097c-container"
  onKeyDown={[Function]}
>
  <span
    aria-atomic="false"
    aria-live="polite"
    aria-relevant="additions text"
    className="css-1f43avz-a11yText-A11yText"
  />
  <div
    className=" css-yk16xz-control"
    onMouseDown={[Function]}
    onTouchEnd={[Function]}
  >
    <div
      className=" css-g1d714-ValueContainer"
    >
      <div
        className=" css-1wa3eu0-placeholder"
      >
        Select...
      </div>
      <div
        className="css-b8ldur-Input"
      >
        <div
          className=""
          style={
            Object {
              "display": "inline-block",
            }
          }
        >
          <input
            aria-autocomplete="list"
            autoCapitalize="none"
            autoComplete="off"
            autoCorrect="off"
            disabled={false}
            id="react-select-2-input"
            onBlur={[Function]}
            onChange={[Function]}
            onFocus={[Function]}
            spellCheck="false"
            style={
              Object {
                "background": 0,
                "border": 0,
                "boxSizing": "content-box",
                "color": "inherit",
                "fontSize": "inherit",
                "label": "input",
                "opacity": 1,
                "outline": 0,
                "padding": 0,
                "width": "1px",
              }
            }
            tabIndex="0"
            type="text"
            value=""
          />
          <div
            style={
              Object {
                "height": 0,
                "left": 0,
                "overflow": "scroll",
                "position": "absolute",
                "top": 0,
                "visibility": "hidden",
                "whiteSpace": "pre",
              }
            }
          >
            
          </div>
        </div>
      </div>
    </div>
    <div
      className=" css-1hb7zxy-IndicatorsContainer"
    >
      <span
        className=" css-1okebmr-indicatorSeparator"
      />
      <div
        aria-hidden="true"
        className=" css-tlfecz-indicatorContainer"
        onMouseDown={[Function]}
        onTouchEnd={[Function]}
      >
        <i
          aria-hidden="true"
          className="fa fa-caret-down"
        />
      </div>
    </div>
  </div>
</div>
`;
