// Jest Snapshot v1, https://goo.gl/fbAQLP

exports[`MovieCardMenu renders correctly 1`] = `
<div
  className="movieCardMenuContainer"
  onBlur={[Function]}
>
  <button
    className="closeButton"
    disabled={false}
    id={null}
    onClick={[Function]}
    type="button"
  >
    
    <i
      aria-hidden="true"
      className="fa fa-times"
    />
  </button>
  <nav>
    <ul>
      <li
        className="menuItem"
        onClick={[Function]}
        onKeyPress={[Function]}
        role="menuitem"
        tabIndex="0"
      >
        Edit
      </li>
      <li
        className="menuItem"
        onClick={[Function]}
        onKeyPress={[Function]}
        role="menuitem"
        tabIndex="0"
      >
        Delete
      </li>
    </ul>
  </nav>
</div>
`;
